[2026-06-06 17:26:15] WARNING: This logic is deprecated now, and have no effect; It will be removed with v0.3. Use `Fetcher.configure()` instead before fetching
[2026-06-06 17:26:15] WARNING: This logic is deprecated now, and have no effect; It will be removed with v0.3. Use `Fetcher.configure()` instead before fetching
[2026-06-06 17:26:15] WARNING: This logic is deprecated now, and have no effect; It will be removed with v0.3. Use `Fetcher.configure()` instead before fetching
[2026-06-06 17:26:15] WARNING: This logic is deprecated now, and have no effect; It will be removed with v0.3. Use `Fetcher.configure()` instead before fetching
[2026-06-06 17:26:15] WARNING: This logic is deprecated now, and have no effect; It will be removed with v0.3. Use `Fetcher.configure()` instead before fetching
[2026-06-06 17:26:15] WARNING: This logic is deprecated now, and have no effect; It will be removed with v0.3. Use `Fetcher.configure()` instead before fetching
[2026-06-06 17:26:15] WARNING: This logic is deprecated now, and have no effect; It will be removed with v0.3. Use `Fetcher.configure()` instead before fetching
[2026-06-06 17:26:15] WARNING: This logic is deprecated now, and have no effect; It will be removed with v0.3. Use `Fetcher.configure()` instead before fetching
[2026-06-06 17:26:15] WARNING: This logic is deprecated now, and have no effect; It will be removed with v0.3. Use `Fetcher.configure()` instead before fetching
[2026-06-06 17:26:15] WARNING: This logic is deprecated now, and have no effect; It will be removed with v0.3. Use `Fetcher.configure()` instead before fetching
[2026-06-06 17:26:15] WARNING: This logic is deprecated now, and have no effect; It will be removed with v0.3. Use `Fetcher.configure()` instead before fetching
[2026-06-06 17:26:15] WARNING: This logic is deprecated now, and have no effect; It will be removed with v0.3. Use `Fetcher.configure()` instead before fetching
[2026-06-06 17:26:15] WARNING: This logic is deprecated now, and have no effect; It will be removed with v0.3. Use `Fetcher.configure()` instead before fetching
[2026-06-06 17:26:15] WARNING: This logic is deprecated now, and have no effect; It will be removed with v0.3. Use `Fetcher.configure()` instead before fetching
[2026-06-06 17:26:15] WARNING: This logic is deprecated now, and have no effect; It will be removed with v0.3. Use `Fetcher.configure()` instead before fetching
[2026-06-06 17:26:15] WARNING: This logic is deprecated now, and have no effect; It will be removed with v0.3. Use `Fetcher.configure()` instead before fetching
[2026-06-06 17:26:15] WARNING: This logic is deprecated now, and have no effect; It will be removed with v0.3. Use `Fetcher.configure()` instead before fetching
[2026-06-06 17:26:15] WARNING: This logic is deprecated now, and have no effect; It will be removed with v0.3. Use `Fetcher.configure()` instead before fetching
[2026-06-06 17:26:15] WARNING: This logic is deprecated now, and have no effect; It will be removed with v0.3. Use `Fetcher.configure()` instead before fetching
[2026-06-06 17:26:15] WARNING: This logic is deprecated now, and have no effect; It will be removed with v0.3. Use `Fetcher.configure()` instead before fetching
[2026-06-06 17:26:15] WARNING: This logic is deprecated now, and have no effect; It will be removed with v0.3. Use `Fetcher.configure()` instead before fetching
[2026-06-06 17:26:16] INFO: Fetched (428) <GET https://www.tycg.gov.tw/ActiveMonthList.aspx?n=8&sms=7883> (referer: https://www.google.com/)
[2026-06-06 17:26:18] INFO: Fetched (200) <GET https://culture.tycg.gov.tw/News.aspx?n=11099&sms=14558> (referer: https://www.google.com/)
[2026-06-06 17:26:21] INFO: Fetched (200) <GET https://culture.tycg.gov.tw/News_Content.aspx?n=11099&s=1636293> (referer: https://www.google.com/)
[2026-06-06 17:26:24] INFO: Fetched (200) <GET https://culture.tycg.gov.tw/News_Content.aspx?n=11099&s=1635647> (referer: https://www.google.com/)
[2026-06-06 17:26:29] INFO: Fetched (200) <GET https://culture.tycg.gov.tw/News_Content.aspx?n=11099&s=1635646> (referer: https://www.google.com/)
[2026-06-06 17:26:33] INFO: Fetched (200) <GET https://culture.tycg.gov.tw/News_Content.aspx?n=11099&s=1635645> (referer: https://www.google.com/)
[2026-06-06 17:26:36] INFO: Fetched (200) <GET https://culture.tycg.gov.tw/News_Content.aspx?n=11099&s=1634008> (referer: https://www.google.com/)
[2026-06-06 17:26:41] INFO: Fetched (200) <GET https://culture.tycg.gov.tw/News_Content.aspx?n=11099&s=1633284> (referer: https://www.google.com/)
[2026-06-06 17:26:44] INFO: Fetched (200) <GET https://culture.tycg.gov.tw/News_Content.aspx?n=11099&s=1627903> (referer: https://www.google.com/)
[2026-06-06 17:26:50] INFO: Fetched (200) <GET https://culture.tycg.gov.tw/News_Content.aspx?n=11099&s=1626009> (referer: https://www.google.com/)
[2026-06-06 17:26:53] INFO: Fetched (200) <GET https://culture.tycg.gov.tw/News_Content.aspx?n=11099&s=1623833> (referer: https://www.google.com/)
[2026-06-06 17:26:57] INFO: Fetched (200) <GET https://culture.tycg.gov.tw/News_Content.aspx?n=11099&s=1623023> (referer: https://www.google.com/)
[2026-06-06 17:27:01] INFO: Fetched (200) <GET https://culture.tycg.gov.tw/News_Content.aspx?n=11099&s=1623018> (referer: https://www.google.com/)
[2026-06-06 17:27:04] INFO: Fetched (200) <GET https://culture.tycg.gov.tw/News_Content.aspx?n=11099&s=1621727> (referer: https://www.google.com/)
[2026-06-06 17:27:07] INFO: Fetched (200) <GET https://culture.tycg.gov.tw/News_Content.aspx?n=11099&s=1621546> (referer: https://www.google.com/)
[2026-06-06 17:27:10] INFO: Fetched (200) <GET https://culture.tycg.gov.tw/News_Content.aspx?n=11099&s=1621448> (referer: https://www.google.com/)
[2026-06-06 17:27:13] INFO: Fetched (200) <GET https://culture.tycg.gov.tw/News_Content.aspx?n=11099&s=1621446> (referer: https://www.google.com/)
[2026-06-06 17:27:17] INFO: Fetched (200) <GET https://culture.tycg.gov.tw/News_Content.aspx?n=11099&s=1620952> (referer: https://www.google.com/)
[2026-06-06 17:27:21] INFO: Fetched (200) <GET https://culture.tycg.gov.tw/News_Content.aspx?n=11099&s=1620888> (referer: https://www.google.com/)
[2026-06-06 17:27:25] INFO: Fetched (200) <GET https://culture.tycg.gov.tw/News_Content.aspx?n=11099&s=1620884> (referer: https://www.google.com/)
[2026-06-06 17:27:28] INFO: Fetched (200) <GET https://culture.tycg.gov.tw/News_Content.aspx?n=11099&s=1620876> (referer: https://www.google.com/)
[2026-06-06 17:27:32] INFO: Fetched (200) <GET https://culture.tycg.gov.tw/News_Content.aspx?n=11099&s=1620872> (referer: https://www.google.com/)
[2026-06-06 17:27:35] INFO: Fetched (200) <GET https://youth.tycg.gov.tw/News.aspx?n=5622&sms=11012> (referer: https://www.google.com/)
[2026-06-06 17:27:39] INFO: Fetched (200) <GET https://youth.tycg.gov.tw/News_Content.aspx?n=5622&s=1636307> (referer: https://www.google.com/)
[2026-06-06 17:27:42] INFO: Fetched (200) <GET https://youth.tycg.gov.tw/News_Content.aspx?n=5622&s=1621570> (referer: https://www.google.com/)
[2026-06-06 17:27:44] INFO: Fetched (200) <GET https://youth.tycg.gov.tw/News_Content.aspx?n=5622&s=1634764> (referer: https://www.google.com/)
[2026-06-06 17:27:47] INFO: Fetched (200) <GET https://youth.tycg.gov.tw/News_Content.aspx?n=5622&s=1634875> (referer: https://www.google.com/)
[2026-06-06 17:27:51] INFO: Fetched (200) <GET https://youth.tycg.gov.tw/News_Content.aspx?n=5622&s=1634484> (referer: https://www.google.com/)
[2026-06-06 17:27:54] INFO: Fetched (200) <GET https://youth.tycg.gov.tw/News_Content.aspx?n=5622&s=1635512> (referer: https://www.google.com/)
[2026-06-06 17:27:57] INFO: Fetched (200) <GET https://youth.tycg.gov.tw/News_Content.aspx?n=5622&s=1635510> (referer: https://www.google.com/)
[2026-06-06 17:28:00] INFO: Fetched (200) <GET https://youth.tycg.gov.tw/News_Content.aspx?n=5622&s=1631170> (referer: https://www.google.com/)
[2026-06-06 17:28:03] INFO: Fetched (200) <GET https://youth.tycg.gov.tw/News_Content.aspx?n=5622&s=1631166> (referer: https://www.google.com/)
[2026-06-06 17:28:05] INFO: Fetched (200) <GET https://youth.tycg.gov.tw/News_Content.aspx?n=5622&s=1630634> (referer: https://www.google.com/)
[2026-06-06 17:28:08] INFO: Fetched (200) <GET https://youth.tycg.gov.tw/News_Content.aspx?n=5622&s=1629707> (referer: https://www.google.com/)
[2026-06-06 17:28:11] INFO: Fetched (200) <GET https://youth.tycg.gov.tw/News_Content.aspx?n=5622&s=1628746> (referer: https://www.google.com/)
[2026-06-06 17:28:14] INFO: Fetched (200) <GET https://youth.tycg.gov.tw/News_Content.aspx?n=5622&s=1628776> (referer: https://www.google.com/)
[2026-06-06 17:28:17] INFO: Fetched (200) <GET https://youth.tycg.gov.tw/News_Content.aspx?n=5622&s=1626887> (referer: https://www.google.com/)
[2026-06-06 17:28:23] INFO: Fetched (200) <GET https://youth.tycg.gov.tw/News_Content.aspx?n=5622&s=1625667> (referer: https://www.google.com/)
[2026-06-06 17:28:26] INFO: Fetched (200) <GET https://youth.tycg.gov.tw/News_Content.aspx?n=5622&s=1625301> (referer: https://www.google.com/)
[2026-06-06 17:28:30] INFO: Fetched (200) <GET https://youth.tycg.gov.tw/News_Content.aspx?n=5622&s=1621900> (referer: https://www.google.com/)
[2026-06-06 17:28:33] INFO: Fetched (200) <GET https://youth.tycg.gov.tw/News_Content.aspx?n=5622&s=1621861> (referer: https://www.google.com/)
[2026-06-06 17:28:36] INFO: Fetched (200) <GET https://youth.tycg.gov.tw/News_Content.aspx?n=5622&s=1621672> (referer: https://www.google.com/)
[2026-06-06 17:28:40] INFO: Fetched (200) <GET https://youth.tycg.gov.tw/News_Content.aspx?n=5622&s=1621496> (referer: https://www.google.com/)
[2026-06-06 17:28:42] INFO: Fetched (200) <GET https://www.hakka.tycg.gov.tw/News.aspx?n=11372&sms=14705> (referer: https://www.google.com/)
[2026-06-06 17:28:47] INFO: Fetched (200) <GET https://www.hakka.tycg.gov.tw/News_Content.aspx?n=11372&s=1634494> (referer: https://www.google.com/)
[2026-06-06 17:28:49] INFO: Fetched (200) <GET https://www.hakka.tycg.gov.tw/News_Content.aspx?n=11372&s=1600026> (referer: https://www.google.com/)
[2026-06-06 17:28:52] INFO: Fetched (200) <GET https://www.hakka.tycg.gov.tw/News_Content.aspx?n=11372&s=1596656> (referer: https://www.google.com/)
[2026-06-06 17:28:55] INFO: Fetched (200) <GET https://www.hakka.tycg.gov.tw/News_Content.aspx?n=11372&s=1588159> (referer: https://www.google.com/)
[2026-06-06 17:28:58] INFO: Fetched (200) <GET https://www.hakka.tycg.gov.tw/News_Content.aspx?n=11372&s=1383305> (referer: https://www.google.com/)
[2026-06-06 17:29:01] INFO: Fetched (200) <GET https://www.hakka.tycg.gov.tw/News_Content.aspx?n=11372&s=1316740> (referer: https://www.google.com/)
[2026-06-06 17:29:03] INFO: Fetched (200) <GET https://www.hakka.tycg.gov.tw/News_Content.aspx?n=11372&s=1636885> (referer: https://www.google.com/)
[2026-06-06 17:29:06] INFO: Fetched (200) <GET https://www.hakka.tycg.gov.tw/News_Content.aspx?n=11372&s=1633166> (referer: https://www.google.com/)
[2026-06-06 17:29:09] INFO: Fetched (200) <GET https://www.hakka.tycg.gov.tw/News_Content.aspx?n=11372&s=1633165> (referer: https://www.google.com/)
[2026-06-06 17:29:11] INFO: Fetched (200) <GET https://www.hakka.tycg.gov.tw/News_Content.aspx?n=11372&s=1628135> (referer: https://www.google.com/)
[2026-06-06 17:29:14] INFO: Fetched (200) <GET https://www.hakka.tycg.gov.tw/News_Content.aspx?n=11372&s=1386978> (referer: https://www.google.com/)
[2026-06-06 17:29:17] INFO: Fetched (200) <GET https://www.hakka.tycg.gov.tw/News_Content.aspx?n=11372&s=1622204> (referer: https://www.google.com/)
[2026-06-06 17:29:20] INFO: Fetched (200) <GET https://www.hakka.tycg.gov.tw/News_Content.aspx?n=11372&s=1621529> (referer: https://www.google.com/)
[2026-06-06 17:29:23] INFO: Fetched (200) <GET https://www.hakka.tycg.gov.tw/News_Content.aspx?n=11372&s=1474252> (referer: https://www.google.com/)
[2026-06-06 17:29:26] INFO: Fetched (200) <GET https://www.hakka.tycg.gov.tw/News_Content.aspx?n=11372&s=1618844> (referer: https://www.google.com/)
[2026-06-06 17:29:29] INFO: Fetched (200) <GET https://www.hakka.tycg.gov.tw/News_Content.aspx?n=11372&s=1618888> (referer: https://www.google.com/)
[2026-06-06 17:29:31] INFO: Fetched (200) <GET https://www.hakka.tycg.gov.tw/News_Content.aspx?n=11372&s=1449770> (referer: https://www.google.com/)
[2026-06-06 17:29:35] INFO: Fetched (200) <GET https://www.hakka.tycg.gov.tw/News_Content.aspx?n=11372&s=1614818> (referer: https://www.google.com/)
[2026-06-06 17:29:37] INFO: Fetched (200) <GET https://www.hakka.tycg.gov.tw/News_Content.aspx?n=11372&s=1614096> (referer: https://www.google.com/)
[2026-06-06 17:29:40] INFO: Fetched (200) <GET https://www.hakka.tycg.gov.tw/News_Content.aspx?n=11372&s=1611051> (referer: https://www.google.com/)
[2026-06-06 17:29:44] INFO: Fetched (200) <GET https://agriculture.tycg.gov.tw/News.aspx?n=10591&sms=14301> (referer: https://www.google.com/)
[2026-06-06 17:29:47] INFO: Fetched (200) <GET https://agriculture.tycg.gov.tw/News_Content.aspx?n=10591&s=1625358> (referer: https://www.google.com/)
[2026-06-06 17:29:51] INFO: Fetched (200) <GET https://agriculture.tycg.gov.tw/News_Content.aspx?n=10591&s=1619568> (referer: https://www.google.com/)
[2026-06-06 17:29:54] INFO: Fetched (200) <GET https://agriculture.tycg.gov.tw/News_Content.aspx?n=10591&s=1613577> (referer: https://www.google.com/)
[2026-06-06 17:29:57] INFO: Fetched (200) <GET https://agriculture.tycg.gov.tw/News_Content.aspx?n=10591&s=1591843> (referer: https://www.google.com/)
[2026-06-06 17:30:00] INFO: Fetched (200) <GET https://agriculture.tycg.gov.tw/News_Content.aspx?n=10591&s=1591841> (referer: https://www.google.com/)
[2026-06-06 17:30:04] INFO: Fetched (200) <GET https://agriculture.tycg.gov.tw/News_Content.aspx?n=10591&s=1556268> (referer: https://www.google.com/)
[2026-06-06 17:30:07] INFO: Fetched (200) <GET https://agriculture.tycg.gov.tw/News_Content.aspx?n=10591&s=1559246> (referer: https://www.google.com/)
[2026-06-06 17:30:11] INFO: Fetched (200) <GET https://agriculture.tycg.gov.tw/News_Content.aspx?n=10591&s=1449063> (referer: https://www.google.com/)
[2026-06-06 17:30:14] INFO: Fetched (200) <GET https://agriculture.tycg.gov.tw/News_Content.aspx?n=10591&s=1441227> (referer: https://www.google.com/)
[2026-06-06 17:30:18] INFO: Fetched (200) <GET https://agriculture.tycg.gov.tw/News_Content.aspx?n=10591&s=1377764> (referer: https://www.google.com/)
[2026-06-06 17:30:21] INFO: Fetched (200) <GET https://agriculture.tycg.gov.tw/News_Content.aspx?n=10591&s=1377760> (referer: https://www.google.com/)
[2026-06-06 17:30:25] INFO: Fetched (200) <GET https://agriculture.tycg.gov.tw/News_Content.aspx?n=10591&s=1370350> (referer: https://www.google.com/)
[2026-06-06 17:30:28] INFO: Fetched (200) <GET https://agriculture.tycg.gov.tw/News_Content.aspx?n=10591&s=1316618> (referer: https://www.google.com/)
[2026-06-06 17:30:33] INFO: Fetched (200) <GET https://agriculture.tycg.gov.tw/News_Content.aspx?n=10591&s=1293587> (referer: https://www.google.com/)
[2026-06-06 17:30:36] INFO: Fetched (200) <GET https://agriculture.tycg.gov.tw/News_Content.aspx?n=10591&s=1292325> (referer: https://www.google.com/)
[2026-06-06 17:30:41] INFO: Fetched (200) <GET https://agriculture.tycg.gov.tw/News_Content.aspx?n=10591&s=1257153> (referer: https://www.google.com/)
[2026-06-06 17:30:44] INFO: Fetched (200) <GET https://edb.tycg.gov.tw/News.aspx?n=3749&sms=9954> (referer: https://www.google.com/)
[2026-06-06 17:30:47] INFO: Fetched (200) <GET https://edb.tycg.gov.tw/News_Content.aspx?n=3749&s=1633304> (referer: https://www.google.com/)
[2026-06-06 17:30:50] INFO: Fetched (200) <GET https://edb.tycg.gov.tw/News_Content.aspx?n=3749&s=1627938> (referer: https://www.google.com/)
[2026-06-06 17:30:56] INFO: Fetched (200) <GET https://edb.tycg.gov.tw/News_Content.aspx?n=3749&s=1629700> (referer: https://www.google.com/)
[2026-06-06 17:31:00] INFO: Fetched (200) <GET https://edb.tycg.gov.tw/News_Content.aspx?n=3749&s=1629253> (referer: https://www.google.com/)
[2026-06-06 17:31:03] INFO: Fetched (200) <GET https://edb.tycg.gov.tw/News_Content.aspx?n=3749&s=1626446> (referer: https://www.google.com/)
[2026-06-06 17:31:06] INFO: Fetched (200) <GET https://edb.tycg.gov.tw/News_Content.aspx?n=3749&s=1623022> (referer: https://www.google.com/)
[2026-06-06 17:31:09] INFO: Fetched (200) <GET https://edb.tycg.gov.tw/News_Content.aspx?n=3749&s=1622441> (referer: https://www.google.com/)
[2026-06-06 17:31:15] INFO: Fetched (200) <GET https://edb.tycg.gov.tw/News_Content.aspx?n=3749&s=1622047> (referer: https://www.google.com/)
[2026-06-06 17:31:18] INFO: Fetched (200) <GET https://edb.tycg.gov.tw/News_Content.aspx?n=3749&s=1620981> (referer: https://www.google.com/)
[2026-06-06 17:31:21] INFO: Fetched (200) <GET https://edb.tycg.gov.tw/News_Content.aspx?n=3749&s=1008838> (referer: https://www.google.com/)
[2026-06-06 17:31:25] INFO: Fetched (200) <GET https://edb.tycg.gov.tw/News_Content.aspx?n=3749&s=1618184> (referer: https://www.google.com/)
[2026-06-06 17:31:27] INFO: Fetched (200) <GET https://edb.tycg.gov.tw/News_Content.aspx?n=3749&s=1618000> (referer: https://www.google.com/)
[2026-06-06 17:31:30] INFO: Fetched (200) <GET https://edb.tycg.gov.tw/News_Content.aspx?n=3749&s=1617572> (referer: https://www.google.com/)
[2026-06-06 17:31:34] INFO: Fetched (200) <GET https://edb.tycg.gov.tw/News_Content.aspx?n=3749&s=1428777> (referer: https://www.google.com/)
[2026-06-06 17:31:38] INFO: Fetched (200) <GET https://edb.tycg.gov.tw/News_Content.aspx?n=3749&s=1426671> (referer: https://www.google.com/)
[2026-06-06 17:31:41] INFO: Fetched (200) <GET https://edb.tycg.gov.tw/News_Content.aspx?n=3749&s=1617068> (referer: https://www.google.com/)
[2026-06-06 17:31:47] INFO: Fetched (200) <GET https://edb.tycg.gov.tw/News_Content.aspx?n=3749&s=1615314> (referer: https://www.google.com/)
[2026-06-06 17:31:50] INFO: Fetched (200) <GET https://edb.tycg.gov.tw/News_Content.aspx?n=3749&s=1615561> (referer: https://www.google.com/)
[2026-06-06 17:31:54] INFO: Fetched (200) <GET https://edb.tycg.gov.tw/News_Content.aspx?n=3749&s=1615206> (referer: https://www.google.com/)
[2026-06-06 17:31:58] INFO: Fetched (200) <GET https://edb.tycg.gov.tw/News_Content.aspx?n=3749&s=1614601> (referer: https://www.google.com/)
