[2026-06-10 16:13:32] WARNING: This logic is deprecated now, and have no effect; It will be removed with v0.3. Use `Fetcher.configure()` instead before fetching
[2026-06-10 16:13:32] WARNING: This logic is deprecated now, and have no effect; It will be removed with v0.3. Use `Fetcher.configure()` instead before fetching
[2026-06-10 16:13:32] WARNING: This logic is deprecated now, and have no effect; It will be removed with v0.3. Use `Fetcher.configure()` instead before fetching
[2026-06-10 16:13:32] WARNING: This logic is deprecated now, and have no effect; It will be removed with v0.3. Use `Fetcher.configure()` instead before fetching
[2026-06-10 16:13:32] WARNING: This logic is deprecated now, and have no effect; It will be removed with v0.3. Use `Fetcher.configure()` instead before fetching
[2026-06-10 16:13:32] WARNING: This logic is deprecated now, and have no effect; It will be removed with v0.3. Use `Fetcher.configure()` instead before fetching
[2026-06-10 16:13:32] WARNING: This logic is deprecated now, and have no effect; It will be removed with v0.3. Use `Fetcher.configure()` instead before fetching
[2026-06-10 16:13:32] WARNING: This logic is deprecated now, and have no effect; It will be removed with v0.3. Use `Fetcher.configure()` instead before fetching
[2026-06-10 16:13:32] WARNING: This logic is deprecated now, and have no effect; It will be removed with v0.3. Use `Fetcher.configure()` instead before fetching
[2026-06-10 16:13:32] WARNING: This logic is deprecated now, and have no effect; It will be removed with v0.3. Use `Fetcher.configure()` instead before fetching
[2026-06-10 16:13:32] WARNING: This logic is deprecated now, and have no effect; It will be removed with v0.3. Use `Fetcher.configure()` instead before fetching
[2026-06-10 16:13:32] WARNING: This logic is deprecated now, and have no effect; It will be removed with v0.3. Use `Fetcher.configure()` instead before fetching
[2026-06-10 16:13:32] WARNING: This logic is deprecated now, and have no effect; It will be removed with v0.3. Use `Fetcher.configure()` instead before fetching
[2026-06-10 16:13:32] WARNING: This logic is deprecated now, and have no effect; It will be removed with v0.3. Use `Fetcher.configure()` instead before fetching
[2026-06-10 16:13:32] WARNING: This logic is deprecated now, and have no effect; It will be removed with v0.3. Use `Fetcher.configure()` instead before fetching
[2026-06-10 16:13:32] WARNING: This logic is deprecated now, and have no effect; It will be removed with v0.3. Use `Fetcher.configure()` instead before fetching
[2026-06-10 16:13:32] WARNING: This logic is deprecated now, and have no effect; It will be removed with v0.3. Use `Fetcher.configure()` instead before fetching
[2026-06-10 16:13:32] WARNING: This logic is deprecated now, and have no effect; It will be removed with v0.3. Use `Fetcher.configure()` instead before fetching
[2026-06-10 16:13:32] WARNING: This logic is deprecated now, and have no effect; It will be removed with v0.3. Use `Fetcher.configure()` instead before fetching
[2026-06-10 16:13:32] WARNING: This logic is deprecated now, and have no effect; It will be removed with v0.3. Use `Fetcher.configure()` instead before fetching
[2026-06-10 16:13:32] WARNING: This logic is deprecated now, and have no effect; It will be removed with v0.3. Use `Fetcher.configure()` instead before fetching
[2026-06-10 16:13:33] INFO: Fetched (428) <GET https://www.tycg.gov.tw/ActiveMonthList.aspx?n=8&sms=7883> (referer: https://www.google.com/)
[2026-06-10 16:13:36] INFO: Fetched (200) <GET https://culture.tycg.gov.tw/News.aspx?n=11099&sms=14558> (referer: https://www.google.com/)
[2026-06-10 16:13:37] INFO: Fetched (200) <GET https://culture.tycg.gov.tw/News_Content.aspx?n=11099&s=1638877> (referer: https://www.google.com/)
[2026-06-10 16:13:40] INFO: Fetched (200) <GET https://culture.tycg.gov.tw/News_Content.aspx?n=11099&s=1638875> (referer: https://www.google.com/)
[2026-06-10 16:13:43] INFO: Fetched (200) <GET https://culture.tycg.gov.tw/News_Content.aspx?n=11099&s=1638183> (referer: https://www.google.com/)
[2026-06-10 16:13:46] INFO: Fetched (200) <GET https://culture.tycg.gov.tw/News_Content.aspx?n=11099&s=1638175> (referer: https://www.google.com/)
[2026-06-10 16:13:49] INFO: Fetched (200) <GET https://culture.tycg.gov.tw/News_Content.aspx?n=11099&s=1638173> (referer: https://www.google.com/)
[2026-06-10 16:13:52] INFO: Fetched (200) <GET https://culture.tycg.gov.tw/News_Content.aspx?n=11099&s=1638167> (referer: https://www.google.com/)
[2026-06-10 16:13:56] INFO: Fetched (200) <GET https://culture.tycg.gov.tw/News_Content.aspx?n=11099&s=1636293> (referer: https://www.google.com/)
[2026-06-10 16:13:59] INFO: Fetched (200) <GET https://culture.tycg.gov.tw/News_Content.aspx?n=11099&s=1635647> (referer: https://www.google.com/)
[2026-06-10 16:14:02] INFO: Fetched (200) <GET https://culture.tycg.gov.tw/News_Content.aspx?n=11099&s=1635646> (referer: https://www.google.com/)
[2026-06-10 16:14:04] INFO: Fetched (200) <GET https://culture.tycg.gov.tw/News_Content.aspx?n=11099&s=1635645> (referer: https://www.google.com/)
[2026-06-10 16:14:07] INFO: Fetched (200) <GET https://culture.tycg.gov.tw/News_Content.aspx?n=11099&s=1634008> (referer: https://www.google.com/)
[2026-06-10 16:14:10] INFO: Fetched (200) <GET https://culture.tycg.gov.tw/News_Content.aspx?n=11099&s=1633284> (referer: https://www.google.com/)
[2026-06-10 16:14:13] INFO: Fetched (200) <GET https://culture.tycg.gov.tw/News_Content.aspx?n=11099&s=1627903> (referer: https://www.google.com/)
[2026-06-10 16:14:16] INFO: Fetched (200) <GET https://culture.tycg.gov.tw/News_Content.aspx?n=11099&s=1623833> (referer: https://www.google.com/)
[2026-06-10 16:14:18] INFO: Fetched (200) <GET https://culture.tycg.gov.tw/News_Content.aspx?n=11099&s=1623023> (referer: https://www.google.com/)
[2026-06-10 16:14:21] INFO: Fetched (200) <GET https://culture.tycg.gov.tw/News_Content.aspx?n=11099&s=1623018> (referer: https://www.google.com/)
[2026-06-10 16:14:26] INFO: Fetched (200) <GET https://culture.tycg.gov.tw/News_Content.aspx?n=11099&s=1621727> (referer: https://www.google.com/)
[2026-06-10 16:14:29] INFO: Fetched (200) <GET https://culture.tycg.gov.tw/News_Content.aspx?n=11099&s=1621546> (referer: https://www.google.com/)
[2026-06-10 16:14:34] INFO: Fetched (200) <GET https://culture.tycg.gov.tw/News_Content.aspx?n=11099&s=1621448> (referer: https://www.google.com/)
[2026-06-10 16:14:37] INFO: Fetched (200) <GET https://culture.tycg.gov.tw/News_Content.aspx?n=11099&s=1621446> (referer: https://www.google.com/)
[2026-06-10 16:14:39] INFO: Fetched (200) <GET https://youth.tycg.gov.tw/News.aspx?n=5622&sms=11012> (referer: https://www.google.com/)
[2026-06-10 16:14:42] INFO: Fetched (200) <GET https://youth.tycg.gov.tw/News_Content.aspx?n=5622&s=1639638> (referer: https://www.google.com/)
[2026-06-10 16:14:44] INFO: Fetched (200) <GET https://youth.tycg.gov.tw/News_Content.aspx?n=5622&s=1637990> (referer: https://www.google.com/)
[2026-06-10 16:14:48] INFO: Fetched (200) <GET https://youth.tycg.gov.tw/News_Content.aspx?n=5622&s=1636307> (referer: https://www.google.com/)
[2026-06-10 16:14:50] INFO: Fetched (200) <GET https://youth.tycg.gov.tw/News_Content.aspx?n=5622&s=1621570> (referer: https://www.google.com/)
[2026-06-10 16:14:53] INFO: Fetched (200) <GET https://youth.tycg.gov.tw/News_Content.aspx?n=5622&s=1634764> (referer: https://www.google.com/)
[2026-06-10 16:14:55] INFO: Fetched (200) <GET https://youth.tycg.gov.tw/News_Content.aspx?n=5622&s=1634875> (referer: https://www.google.com/)
[2026-06-10 16:14:57] INFO: Fetched (200) <GET https://youth.tycg.gov.tw/News_Content.aspx?n=5622&s=1634484> (referer: https://www.google.com/)
[2026-06-10 16:15:00] INFO: Fetched (200) <GET https://youth.tycg.gov.tw/News_Content.aspx?n=5622&s=1635512> (referer: https://www.google.com/)
[2026-06-10 16:15:02] INFO: Fetched (200) <GET https://youth.tycg.gov.tw/News_Content.aspx?n=5622&s=1635510> (referer: https://www.google.com/)
[2026-06-10 16:15:05] INFO: Fetched (200) <GET https://youth.tycg.gov.tw/News_Content.aspx?n=5622&s=1631170> (referer: https://www.google.com/)
[2026-06-10 16:15:09] INFO: Fetched (200) <GET https://youth.tycg.gov.tw/News_Content.aspx?n=5622&s=1631166> (referer: https://www.google.com/)
[2026-06-10 16:15:11] INFO: Fetched (200) <GET https://youth.tycg.gov.tw/News_Content.aspx?n=5622&s=1629707> (referer: https://www.google.com/)
[2026-06-10 16:15:14] INFO: Fetched (200) <GET https://youth.tycg.gov.tw/News_Content.aspx?n=5622&s=1628746> (referer: https://www.google.com/)
[2026-06-10 16:15:16] INFO: Fetched (200) <GET https://youth.tycg.gov.tw/News_Content.aspx?n=5622&s=1628776> (referer: https://www.google.com/)
[2026-06-10 16:15:19] INFO: Fetched (200) <GET https://youth.tycg.gov.tw/News_Content.aspx?n=5622&s=1626887> (referer: https://www.google.com/)
[2026-06-10 16:15:21] INFO: Fetched (200) <GET https://youth.tycg.gov.tw/News_Content.aspx?n=5622&s=1625667> (referer: https://www.google.com/)
[2026-06-10 16:15:23] INFO: Fetched (200) <GET https://youth.tycg.gov.tw/News_Content.aspx?n=5622&s=1621900> (referer: https://www.google.com/)
[2026-06-10 16:15:26] INFO: Fetched (200) <GET https://youth.tycg.gov.tw/News_Content.aspx?n=5622&s=1621861> (referer: https://www.google.com/)
[2026-06-10 16:15:28] INFO: Fetched (200) <GET https://youth.tycg.gov.tw/News_Content.aspx?n=5622&s=1621672> (referer: https://www.google.com/)
[2026-06-10 16:15:30] INFO: Fetched (200) <GET https://youth.tycg.gov.tw/News_Content.aspx?n=5622&s=1621496> (referer: https://www.google.com/)
[2026-06-10 16:15:32] INFO: Fetched (200) <GET https://www.hakka.tycg.gov.tw/News.aspx?n=11372&sms=14705> (referer: https://www.google.com/)
[2026-06-10 16:15:36] INFO: Fetched (200) <GET https://www.hakka.tycg.gov.tw/News_Content.aspx?n=11372&s=1634494> (referer: https://www.google.com/)
[2026-06-10 16:15:41] INFO: Fetched (200) <GET https://www.hakka.tycg.gov.tw/News_Content.aspx?n=11372&s=1600026> (referer: https://www.google.com/)
[2026-06-10 16:15:45] INFO: Fetched (200) <GET https://www.hakka.tycg.gov.tw/News_Content.aspx?n=11372&s=1596656> (referer: https://www.google.com/)
[2026-06-10 16:15:48] INFO: Fetched (200) <GET https://www.hakka.tycg.gov.tw/News_Content.aspx?n=11372&s=1588159> (referer: https://www.google.com/)
[2026-06-10 16:15:50] INFO: Fetched (200) <GET https://www.hakka.tycg.gov.tw/News_Content.aspx?n=11372&s=1383305> (referer: https://www.google.com/)
[2026-06-10 16:15:53] INFO: Fetched (200) <GET https://www.hakka.tycg.gov.tw/News_Content.aspx?n=11372&s=1316740> (referer: https://www.google.com/)
[2026-06-10 16:15:55] INFO: Fetched (200) <GET https://www.hakka.tycg.gov.tw/News_Content.aspx?n=11372&s=1636885> (referer: https://www.google.com/)
[2026-06-10 16:15:57] INFO: Fetched (200) <GET https://www.hakka.tycg.gov.tw/News_Content.aspx?n=11372&s=1633166> (referer: https://www.google.com/)
[2026-06-10 16:16:00] INFO: Fetched (200) <GET https://www.hakka.tycg.gov.tw/News_Content.aspx?n=11372&s=1633165> (referer: https://www.google.com/)
[2026-06-10 16:16:02] INFO: Fetched (200) <GET https://www.hakka.tycg.gov.tw/News_Content.aspx?n=11372&s=1628135> (referer: https://www.google.com/)
[2026-06-10 16:16:04] INFO: Fetched (200) <GET https://www.hakka.tycg.gov.tw/News_Content.aspx?n=11372&s=1386978> (referer: https://www.google.com/)
[2026-06-10 16:16:07] INFO: Fetched (200) <GET https://www.hakka.tycg.gov.tw/News_Content.aspx?n=11372&s=1622204> (referer: https://www.google.com/)
[2026-06-10 16:16:09] INFO: Fetched (200) <GET https://www.hakka.tycg.gov.tw/News_Content.aspx?n=11372&s=1621529> (referer: https://www.google.com/)
[2026-06-10 16:16:12] INFO: Fetched (200) <GET https://www.hakka.tycg.gov.tw/News_Content.aspx?n=11372&s=1474252> (referer: https://www.google.com/)
[2026-06-10 16:16:14] INFO: Fetched (200) <GET https://www.hakka.tycg.gov.tw/News_Content.aspx?n=11372&s=1618844> (referer: https://www.google.com/)
[2026-06-10 16:16:16] INFO: Fetched (200) <GET https://www.hakka.tycg.gov.tw/News_Content.aspx?n=11372&s=1618888> (referer: https://www.google.com/)
[2026-06-10 16:16:18] INFO: Fetched (200) <GET https://www.hakka.tycg.gov.tw/News_Content.aspx?n=11372&s=1614818> (referer: https://www.google.com/)
[2026-06-10 16:16:20] INFO: Fetched (200) <GET https://www.hakka.tycg.gov.tw/News_Content.aspx?n=11372&s=1614096> (referer: https://www.google.com/)
[2026-06-10 16:16:23] INFO: Fetched (200) <GET https://www.hakka.tycg.gov.tw/News_Content.aspx?n=11372&s=1611051> (referer: https://www.google.com/)
[2026-06-10 16:16:27] INFO: Fetched (200) <GET https://www.hakka.tycg.gov.tw/News_Content.aspx?n=11372&s=1611013> (referer: https://www.google.com/)
[2026-06-10 16:16:30] INFO: Fetched (200) <GET https://agriculture.tycg.gov.tw/News.aspx?n=10591&sms=14301> (referer: https://www.google.com/)
[2026-06-10 16:16:33] INFO: Fetched (200) <GET https://agriculture.tycg.gov.tw/News_Content.aspx?n=10591&s=1625358> (referer: https://www.google.com/)
[2026-06-10 16:16:35] INFO: Fetched (200) <GET https://agriculture.tycg.gov.tw/News_Content.aspx?n=10591&s=1619568> (referer: https://www.google.com/)
[2026-06-10 16:16:39] INFO: Fetched (200) <GET https://agriculture.tycg.gov.tw/News_Content.aspx?n=10591&s=1613577> (referer: https://www.google.com/)
[2026-06-10 16:16:42] INFO: Fetched (200) <GET https://agriculture.tycg.gov.tw/News_Content.aspx?n=10591&s=1591843> (referer: https://www.google.com/)
[2026-06-10 16:16:45] INFO: Fetched (200) <GET https://agriculture.tycg.gov.tw/News_Content.aspx?n=10591&s=1591841> (referer: https://www.google.com/)
[2026-06-10 16:16:47] INFO: Fetched (200) <GET https://agriculture.tycg.gov.tw/News_Content.aspx?n=10591&s=1556268> (referer: https://www.google.com/)
[2026-06-10 16:16:50] INFO: Fetched (200) <GET https://agriculture.tycg.gov.tw/News_Content.aspx?n=10591&s=1559246> (referer: https://www.google.com/)
[2026-06-10 16:16:53] INFO: Fetched (200) <GET https://agriculture.tycg.gov.tw/News_Content.aspx?n=10591&s=1449063> (referer: https://www.google.com/)
[2026-06-10 16:16:56] INFO: Fetched (200) <GET https://agriculture.tycg.gov.tw/News_Content.aspx?n=10591&s=1441227> (referer: https://www.google.com/)
[2026-06-10 16:16:58] INFO: Fetched (200) <GET https://agriculture.tycg.gov.tw/News_Content.aspx?n=10591&s=1377764> (referer: https://www.google.com/)
[2026-06-10 16:17:01] INFO: Fetched (200) <GET https://agriculture.tycg.gov.tw/News_Content.aspx?n=10591&s=1377760> (referer: https://www.google.com/)
[2026-06-10 16:17:03] INFO: Fetched (200) <GET https://agriculture.tycg.gov.tw/News_Content.aspx?n=10591&s=1370350> (referer: https://www.google.com/)
[2026-06-10 16:17:06] INFO: Fetched (200) <GET https://agriculture.tycg.gov.tw/News_Content.aspx?n=10591&s=1316618> (referer: https://www.google.com/)
[2026-06-10 16:17:08] INFO: Fetched (200) <GET https://agriculture.tycg.gov.tw/News_Content.aspx?n=10591&s=1293587> (referer: https://www.google.com/)
[2026-06-10 16:17:11] INFO: Fetched (200) <GET https://agriculture.tycg.gov.tw/News_Content.aspx?n=10591&s=1292325> (referer: https://www.google.com/)
[2026-06-10 16:17:14] INFO: Fetched (200) <GET https://agriculture.tycg.gov.tw/News_Content.aspx?n=10591&s=1257153> (referer: https://www.google.com/)
[2026-06-10 16:17:19] INFO: Fetched (200) <GET https://edb.tycg.gov.tw/News.aspx?n=3749&sms=9954> (referer: https://www.google.com/)
[2026-06-10 16:17:21] INFO: Fetched (200) <GET https://edb.tycg.gov.tw/News_Content.aspx?n=3749&s=1633304> (referer: https://www.google.com/)
[2026-06-10 16:17:24] INFO: Fetched (200) <GET https://edb.tycg.gov.tw/News_Content.aspx?n=3749&s=1627938> (referer: https://www.google.com/)
[2026-06-10 16:17:28] INFO: Fetched (200) <GET https://edb.tycg.gov.tw/News_Content.aspx?n=3749&s=1629700> (referer: https://www.google.com/)
[2026-06-10 16:17:30] INFO: Fetched (200) <GET https://edb.tycg.gov.tw/News_Content.aspx?n=3749&s=1629253> (referer: https://www.google.com/)
[2026-06-10 16:17:35] INFO: Fetched (200) <GET https://edb.tycg.gov.tw/News_Content.aspx?n=3749&s=1626446> (referer: https://www.google.com/)
[2026-06-10 16:17:38] INFO: Fetched (200) <GET https://edb.tycg.gov.tw/News_Content.aspx?n=3749&s=1623022> (referer: https://www.google.com/)
[2026-06-10 16:17:41] INFO: Fetched (200) <GET https://edb.tycg.gov.tw/News_Content.aspx?n=3749&s=1622441> (referer: https://www.google.com/)
[2026-06-10 16:17:43] INFO: Fetched (200) <GET https://edb.tycg.gov.tw/News_Content.aspx?n=3749&s=1622047> (referer: https://www.google.com/)
[2026-06-10 16:17:45] INFO: Fetched (200) <GET https://edb.tycg.gov.tw/News_Content.aspx?n=3749&s=1620981> (referer: https://www.google.com/)
[2026-06-10 16:17:48] INFO: Fetched (200) <GET https://edb.tycg.gov.tw/News_Content.aspx?n=3749&s=1008838> (referer: https://www.google.com/)
[2026-06-10 16:17:50] INFO: Fetched (200) <GET https://edb.tycg.gov.tw/News_Content.aspx?n=3749&s=1618184> (referer: https://www.google.com/)
[2026-06-10 16:17:53] INFO: Fetched (200) <GET https://edb.tycg.gov.tw/News_Content.aspx?n=3749&s=1618000> (referer: https://www.google.com/)
[2026-06-10 16:17:56] INFO: Fetched (200) <GET https://edb.tycg.gov.tw/News_Content.aspx?n=3749&s=1617572> (referer: https://www.google.com/)
[2026-06-10 16:17:59] INFO: Fetched (200) <GET https://edb.tycg.gov.tw/News_Content.aspx?n=3749&s=1428777> (referer: https://www.google.com/)
[2026-06-10 16:18:02] INFO: Fetched (200) <GET https://edb.tycg.gov.tw/News_Content.aspx?n=3749&s=1426671> (referer: https://www.google.com/)
[2026-06-10 16:18:04] INFO: Fetched (200) <GET https://edb.tycg.gov.tw/News_Content.aspx?n=3749&s=1617068> (referer: https://www.google.com/)
[2026-06-10 16:18:06] INFO: Fetched (200) <GET https://edb.tycg.gov.tw/News_Content.aspx?n=3749&s=1615314> (referer: https://www.google.com/)
[2026-06-10 16:18:09] INFO: Fetched (200) <GET https://edb.tycg.gov.tw/News_Content.aspx?n=3749&s=1615561> (referer: https://www.google.com/)
[2026-06-10 16:18:12] INFO: Fetched (200) <GET https://edb.tycg.gov.tw/News_Content.aspx?n=3749&s=1615206> (referer: https://www.google.com/)
[2026-06-10 16:18:16] INFO: Fetched (200) <GET https://edb.tycg.gov.tw/News_Content.aspx?n=3749&s=1614601> (referer: https://www.google.com/)
