[2026-06-06 01:09:01] WARNING: This logic is deprecated now, and have no effect; It will be removed with v0.3. Use `Fetcher.configure()` instead before fetching
[2026-06-06 01:09:01] WARNING: This logic is deprecated now, and have no effect; It will be removed with v0.3. Use `Fetcher.configure()` instead before fetching
[2026-06-06 01:09:01] WARNING: This logic is deprecated now, and have no effect; It will be removed with v0.3. Use `Fetcher.configure()` instead before fetching
[2026-06-06 01:09:01] WARNING: This logic is deprecated now, and have no effect; It will be removed with v0.3. Use `Fetcher.configure()` instead before fetching
[2026-06-06 01:09:01] WARNING: This logic is deprecated now, and have no effect; It will be removed with v0.3. Use `Fetcher.configure()` instead before fetching
[2026-06-06 01:09:01] WARNING: This logic is deprecated now, and have no effect; It will be removed with v0.3. Use `Fetcher.configure()` instead before fetching
[2026-06-06 01:09:01] WARNING: This logic is deprecated now, and have no effect; It will be removed with v0.3. Use `Fetcher.configure()` instead before fetching
[2026-06-06 01:09:01] WARNING: This logic is deprecated now, and have no effect; It will be removed with v0.3. Use `Fetcher.configure()` instead before fetching
[2026-06-06 01:09:01] WARNING: This logic is deprecated now, and have no effect; It will be removed with v0.3. Use `Fetcher.configure()` instead before fetching
[2026-06-06 01:09:01] WARNING: This logic is deprecated now, and have no effect; It will be removed with v0.3. Use `Fetcher.configure()` instead before fetching
[2026-06-06 01:09:01] WARNING: This logic is deprecated now, and have no effect; It will be removed with v0.3. Use `Fetcher.configure()` instead before fetching
[2026-06-06 01:09:01] WARNING: This logic is deprecated now, and have no effect; It will be removed with v0.3. Use `Fetcher.configure()` instead before fetching
[2026-06-06 01:09:01] WARNING: This logic is deprecated now, and have no effect; It will be removed with v0.3. Use `Fetcher.configure()` instead before fetching
[2026-06-06 01:09:01] WARNING: This logic is deprecated now, and have no effect; It will be removed with v0.3. Use `Fetcher.configure()` instead before fetching
[2026-06-06 01:09:01] WARNING: This logic is deprecated now, and have no effect; It will be removed with v0.3. Use `Fetcher.configure()` instead before fetching
[2026-06-06 01:09:01] WARNING: This logic is deprecated now, and have no effect; It will be removed with v0.3. Use `Fetcher.configure()` instead before fetching
[2026-06-06 01:09:01] WARNING: This logic is deprecated now, and have no effect; It will be removed with v0.3. Use `Fetcher.configure()` instead before fetching
[2026-06-06 01:09:01] WARNING: This logic is deprecated now, and have no effect; It will be removed with v0.3. Use `Fetcher.configure()` instead before fetching
[2026-06-06 01:09:01] WARNING: This logic is deprecated now, and have no effect; It will be removed with v0.3. Use `Fetcher.configure()` instead before fetching
[2026-06-06 01:09:01] WARNING: This logic is deprecated now, and have no effect; It will be removed with v0.3. Use `Fetcher.configure()` instead before fetching
[2026-06-06 01:09:01] WARNING: This logic is deprecated now, and have no effect; It will be removed with v0.3. Use `Fetcher.configure()` instead before fetching
[2026-06-06 01:09:02] INFO: Fetched (428) <GET https://www.tycg.gov.tw/ActiveMonthList.aspx?n=8&sms=7883> (referer: https://www.google.com/)
[2026-06-06 01:09:04] INFO: Fetched (200) <GET https://culture.tycg.gov.tw/News.aspx?n=11099&sms=14558> (referer: https://www.google.com/)
[2026-06-06 01:09:07] INFO: Fetched (200) <GET https://culture.tycg.gov.tw/News_Content.aspx?n=11099&s=1636293> (referer: https://www.google.com/)
[2026-06-06 01:09:10] INFO: Fetched (200) <GET https://culture.tycg.gov.tw/News_Content.aspx?n=11099&s=1635647> (referer: https://www.google.com/)
[2026-06-06 01:09:16] INFO: Fetched (200) <GET https://culture.tycg.gov.tw/News_Content.aspx?n=11099&s=1635646> (referer: https://www.google.com/)
[2026-06-06 01:09:20] INFO: Fetched (200) <GET https://culture.tycg.gov.tw/News_Content.aspx?n=11099&s=1635645> (referer: https://www.google.com/)
[2026-06-06 01:09:23] INFO: Fetched (200) <GET https://culture.tycg.gov.tw/News_Content.aspx?n=11099&s=1634008> (referer: https://www.google.com/)
[2026-06-06 01:09:26] INFO: Fetched (200) <GET https://culture.tycg.gov.tw/News_Content.aspx?n=11099&s=1633284> (referer: https://www.google.com/)
[2026-06-06 01:09:30] INFO: Fetched (200) <GET https://culture.tycg.gov.tw/News_Content.aspx?n=11099&s=1627903> (referer: https://www.google.com/)
[2026-06-06 01:09:33] INFO: Fetched (200) <GET https://culture.tycg.gov.tw/News_Content.aspx?n=11099&s=1626009> (referer: https://www.google.com/)
[2026-06-06 01:09:36] INFO: Fetched (200) <GET https://culture.tycg.gov.tw/News_Content.aspx?n=11099&s=1623833> (referer: https://www.google.com/)
[2026-06-06 01:09:39] INFO: Fetched (200) <GET https://culture.tycg.gov.tw/News_Content.aspx?n=11099&s=1623023> (referer: https://www.google.com/)
[2026-06-06 01:09:42] INFO: Fetched (200) <GET https://culture.tycg.gov.tw/News_Content.aspx?n=11099&s=1623018> (referer: https://www.google.com/)
[2026-06-06 01:09:46] INFO: Fetched (200) <GET https://culture.tycg.gov.tw/News_Content.aspx?n=11099&s=1621727> (referer: https://www.google.com/)
[2026-06-06 01:09:49] INFO: Fetched (200) <GET https://culture.tycg.gov.tw/News_Content.aspx?n=11099&s=1621546> (referer: https://www.google.com/)
[2026-06-06 01:09:52] INFO: Fetched (200) <GET https://culture.tycg.gov.tw/News_Content.aspx?n=11099&s=1621448> (referer: https://www.google.com/)
[2026-06-06 01:09:55] INFO: Fetched (200) <GET https://culture.tycg.gov.tw/News_Content.aspx?n=11099&s=1621446> (referer: https://www.google.com/)
[2026-06-06 01:09:58] INFO: Fetched (200) <GET https://culture.tycg.gov.tw/News_Content.aspx?n=11099&s=1620952> (referer: https://www.google.com/)
[2026-06-06 01:10:02] INFO: Fetched (200) <GET https://culture.tycg.gov.tw/News_Content.aspx?n=11099&s=1620888> (referer: https://www.google.com/)
[2026-06-06 01:10:07] INFO: Fetched (200) <GET https://culture.tycg.gov.tw/News_Content.aspx?n=11099&s=1620884> (referer: https://www.google.com/)
[2026-06-06 01:10:10] INFO: Fetched (200) <GET https://culture.tycg.gov.tw/News_Content.aspx?n=11099&s=1620876> (referer: https://www.google.com/)
[2026-06-06 01:10:13] INFO: Fetched (200) <GET https://culture.tycg.gov.tw/News_Content.aspx?n=11099&s=1620872> (referer: https://www.google.com/)
[2026-06-06 01:10:16] INFO: Fetched (200) <GET https://youth.tycg.gov.tw/News.aspx?n=5622&sms=11012> (referer: https://www.google.com/)
[2026-06-06 01:10:17] INFO: Fetched (200) <GET https://youth.tycg.gov.tw/News_Content.aspx?n=5622&s=1636307> (referer: https://www.google.com/)
[2026-06-06 01:10:20] INFO: Fetched (200) <GET https://youth.tycg.gov.tw/News_Content.aspx?n=5622&s=1621570> (referer: https://www.google.com/)
[2026-06-06 01:10:23] INFO: Fetched (200) <GET https://youth.tycg.gov.tw/News_Content.aspx?n=5622&s=1634764> (referer: https://www.google.com/)
[2026-06-06 01:10:27] INFO: Fetched (200) <GET https://youth.tycg.gov.tw/News_Content.aspx?n=5622&s=1634875> (referer: https://www.google.com/)
[2026-06-06 01:10:32] INFO: Fetched (200) <GET https://youth.tycg.gov.tw/News_Content.aspx?n=5622&s=1634484> (referer: https://www.google.com/)
[2026-06-06 01:10:35] INFO: Fetched (200) <GET https://youth.tycg.gov.tw/News_Content.aspx?n=5622&s=1635512> (referer: https://www.google.com/)
[2026-06-06 01:10:37] INFO: Fetched (200) <GET https://youth.tycg.gov.tw/News_Content.aspx?n=5622&s=1635510> (referer: https://www.google.com/)
[2026-06-06 01:10:40] INFO: Fetched (200) <GET https://youth.tycg.gov.tw/News_Content.aspx?n=5622&s=1631170> (referer: https://www.google.com/)
[2026-06-06 01:10:43] INFO: Fetched (200) <GET https://youth.tycg.gov.tw/News_Content.aspx?n=5622&s=1631166> (referer: https://www.google.com/)
[2026-06-06 01:10:45] INFO: Fetched (200) <GET https://youth.tycg.gov.tw/News_Content.aspx?n=5622&s=1630634> (referer: https://www.google.com/)
[2026-06-06 01:10:49] INFO: Fetched (200) <GET https://youth.tycg.gov.tw/News_Content.aspx?n=5622&s=1629707> (referer: https://www.google.com/)
[2026-06-06 01:10:52] INFO: Fetched (200) <GET https://youth.tycg.gov.tw/News_Content.aspx?n=5622&s=1628746> (referer: https://www.google.com/)
[2026-06-06 01:10:55] INFO: Fetched (200) <GET https://youth.tycg.gov.tw/News_Content.aspx?n=5622&s=1628776> (referer: https://www.google.com/)
[2026-06-06 01:10:58] INFO: Fetched (200) <GET https://youth.tycg.gov.tw/News_Content.aspx?n=5622&s=1626887> (referer: https://www.google.com/)
[2026-06-06 01:11:00] INFO: Fetched (200) <GET https://youth.tycg.gov.tw/News_Content.aspx?n=5622&s=1625667> (referer: https://www.google.com/)
[2026-06-06 01:11:03] INFO: Fetched (200) <GET https://youth.tycg.gov.tw/News_Content.aspx?n=5622&s=1625301> (referer: https://www.google.com/)
[2026-06-06 01:11:05] INFO: Fetched (200) <GET https://youth.tycg.gov.tw/News_Content.aspx?n=5622&s=1621900> (referer: https://www.google.com/)
[2026-06-06 01:11:08] INFO: Fetched (200) <GET https://youth.tycg.gov.tw/News_Content.aspx?n=5622&s=1621861> (referer: https://www.google.com/)
[2026-06-06 01:11:11] INFO: Fetched (200) <GET https://youth.tycg.gov.tw/News_Content.aspx?n=5622&s=1621672> (referer: https://www.google.com/)
[2026-06-06 01:11:14] INFO: Fetched (200) <GET https://youth.tycg.gov.tw/News_Content.aspx?n=5622&s=1621496> (referer: https://www.google.com/)
[2026-06-06 01:11:16] INFO: Fetched (200) <GET https://www.hakka.tycg.gov.tw/News.aspx?n=11372&sms=14705> (referer: https://www.google.com/)
[2026-06-06 01:11:19] INFO: Fetched (200) <GET https://www.hakka.tycg.gov.tw/News_Content.aspx?n=11372&s=1634494> (referer: https://www.google.com/)
[2026-06-06 01:11:22] INFO: Fetched (200) <GET https://www.hakka.tycg.gov.tw/News_Content.aspx?n=11372&s=1600026> (referer: https://www.google.com/)
[2026-06-06 01:11:24] INFO: Fetched (200) <GET https://www.hakka.tycg.gov.tw/News_Content.aspx?n=11372&s=1596656> (referer: https://www.google.com/)
[2026-06-06 01:11:27] INFO: Fetched (200) <GET https://www.hakka.tycg.gov.tw/News_Content.aspx?n=11372&s=1588159> (referer: https://www.google.com/)
[2026-06-06 01:11:31] INFO: Fetched (200) <GET https://www.hakka.tycg.gov.tw/News_Content.aspx?n=11372&s=1539993> (referer: https://www.google.com/)
[2026-06-06 01:11:35] INFO: Fetched (200) <GET https://www.hakka.tycg.gov.tw/News_Content.aspx?n=11372&s=1383305> (referer: https://www.google.com/)
[2026-06-06 01:11:37] INFO: Fetched (200) <GET https://www.hakka.tycg.gov.tw/News_Content.aspx?n=11372&s=1316740> (referer: https://www.google.com/)
[2026-06-06 01:11:40] INFO: Fetched (200) <GET https://www.hakka.tycg.gov.tw/News_Content.aspx?n=11372&s=1633166> (referer: https://www.google.com/)
[2026-06-06 01:11:43] INFO: Fetched (200) <GET https://www.hakka.tycg.gov.tw/News_Content.aspx?n=11372&s=1633165> (referer: https://www.google.com/)
[2026-06-06 01:11:46] INFO: Fetched (200) <GET https://www.hakka.tycg.gov.tw/News_Content.aspx?n=11372&s=1628135> (referer: https://www.google.com/)
[2026-06-06 01:11:49] INFO: Fetched (200) <GET https://www.hakka.tycg.gov.tw/News_Content.aspx?n=11372&s=1386978> (referer: https://www.google.com/)
[2026-06-06 01:11:52] INFO: Fetched (200) <GET https://www.hakka.tycg.gov.tw/News_Content.aspx?n=11372&s=1622204> (referer: https://www.google.com/)
[2026-06-06 01:11:55] INFO: Fetched (200) <GET https://www.hakka.tycg.gov.tw/News_Content.aspx?n=11372&s=1621529> (referer: https://www.google.com/)
[2026-06-06 01:11:58] INFO: Fetched (200) <GET https://www.hakka.tycg.gov.tw/News_Content.aspx?n=11372&s=1474252> (referer: https://www.google.com/)
[2026-06-06 01:12:00] INFO: Fetched (200) <GET https://www.hakka.tycg.gov.tw/News_Content.aspx?n=11372&s=1618844> (referer: https://www.google.com/)
[2026-06-06 01:12:03] INFO: Fetched (200) <GET https://www.hakka.tycg.gov.tw/News_Content.aspx?n=11372&s=1618888> (referer: https://www.google.com/)
[2026-06-06 01:12:06] INFO: Fetched (200) <GET https://www.hakka.tycg.gov.tw/News_Content.aspx?n=11372&s=1449770> (referer: https://www.google.com/)
[2026-06-06 01:12:08] INFO: Fetched (200) <GET https://www.hakka.tycg.gov.tw/News_Content.aspx?n=11372&s=1614818> (referer: https://www.google.com/)
[2026-06-06 01:12:11] INFO: Fetched (200) <GET https://www.hakka.tycg.gov.tw/News_Content.aspx?n=11372&s=1614096> (referer: https://www.google.com/)
[2026-06-06 01:12:14] INFO: Fetched (200) <GET https://www.hakka.tycg.gov.tw/News_Content.aspx?n=11372&s=1611051> (referer: https://www.google.com/)
[2026-06-06 01:12:16] INFO: Fetched (200) <GET https://agriculture.tycg.gov.tw/News.aspx?n=10591&sms=14301> (referer: https://www.google.com/)
[2026-06-06 01:12:19] INFO: Fetched (200) <GET https://agriculture.tycg.gov.tw/News_Content.aspx?n=10591&s=1625358> (referer: https://www.google.com/)
[2026-06-06 01:12:20] INFO: Fetched (200) <GET https://agriculture.tycg.gov.tw/News_Content.aspx?n=10591&s=1619568> (referer: https://www.google.com/)
[2026-06-06 01:12:22] INFO: Fetched (200) <GET https://agriculture.tycg.gov.tw/News_Content.aspx?n=10591&s=1613577> (referer: https://www.google.com/)
[2026-06-06 01:12:25] INFO: Fetched (200) <GET https://agriculture.tycg.gov.tw/News_Content.aspx?n=10591&s=1591843> (referer: https://www.google.com/)
[2026-06-06 01:12:29] INFO: Fetched (200) <GET https://agriculture.tycg.gov.tw/News_Content.aspx?n=10591&s=1591841> (referer: https://www.google.com/)
[2026-06-06 01:12:31] INFO: Fetched (200) <GET https://agriculture.tycg.gov.tw/News_Content.aspx?n=10591&s=1556268> (referer: https://www.google.com/)
[2026-06-06 01:12:34] INFO: Fetched (200) <GET https://agriculture.tycg.gov.tw/News_Content.aspx?n=10591&s=1559246> (referer: https://www.google.com/)
[2026-06-06 01:12:37] INFO: Fetched (200) <GET https://agriculture.tycg.gov.tw/News_Content.aspx?n=10591&s=1449063> (referer: https://www.google.com/)
[2026-06-06 01:12:41] INFO: Fetched (200) <GET https://agriculture.tycg.gov.tw/News_Content.aspx?n=10591&s=1441227> (referer: https://www.google.com/)
[2026-06-06 01:12:44] INFO: Fetched (200) <GET https://agriculture.tycg.gov.tw/News_Content.aspx?n=10591&s=1377764> (referer: https://www.google.com/)
[2026-06-06 01:12:47] INFO: Fetched (200) <GET https://agriculture.tycg.gov.tw/News_Content.aspx?n=10591&s=1377760> (referer: https://www.google.com/)
[2026-06-06 01:12:50] INFO: Fetched (200) <GET https://agriculture.tycg.gov.tw/News_Content.aspx?n=10591&s=1370350> (referer: https://www.google.com/)
[2026-06-06 01:12:52] INFO: Fetched (200) <GET https://agriculture.tycg.gov.tw/News_Content.aspx?n=10591&s=1316618> (referer: https://www.google.com/)
[2026-06-06 01:12:55] INFO: Fetched (200) <GET https://agriculture.tycg.gov.tw/News_Content.aspx?n=10591&s=1293587> (referer: https://www.google.com/)
[2026-06-06 01:12:58] INFO: Fetched (200) <GET https://agriculture.tycg.gov.tw/News_Content.aspx?n=10591&s=1292325> (referer: https://www.google.com/)
[2026-06-06 01:13:02] INFO: Fetched (200) <GET https://agriculture.tycg.gov.tw/News_Content.aspx?n=10591&s=1257153> (referer: https://www.google.com/)
[2026-06-06 01:13:04] INFO: Fetched (200) <GET https://edb.tycg.gov.tw/News.aspx?n=3749&sms=9954> (referer: https://www.google.com/)
[2026-06-06 01:13:06] INFO: Fetched (200) <GET https://edb.tycg.gov.tw/News_Content.aspx?n=3749&s=1633304> (referer: https://www.google.com/)
[2026-06-06 01:13:11] INFO: Fetched (200) <GET https://edb.tycg.gov.tw/News_Content.aspx?n=3749&s=1627938> (referer: https://www.google.com/)
[2026-06-06 01:13:15] INFO: Fetched (200) <GET https://edb.tycg.gov.tw/News_Content.aspx?n=3749&s=1629700> (referer: https://www.google.com/)
[2026-06-06 01:13:17] INFO: Fetched (200) <GET https://edb.tycg.gov.tw/News_Content.aspx?n=3749&s=1629253> (referer: https://www.google.com/)
[2026-06-06 01:13:19] INFO: Fetched (200) <GET https://edb.tycg.gov.tw/News_Content.aspx?n=3749&s=1626446> (referer: https://www.google.com/)
[2026-06-06 01:13:25] INFO: Fetched (200) <GET https://edb.tycg.gov.tw/News_Content.aspx?n=3749&s=1623022> (referer: https://www.google.com/)
[2026-06-06 01:13:27] INFO: Fetched (200) <GET https://edb.tycg.gov.tw/News_Content.aspx?n=3749&s=1622441> (referer: https://www.google.com/)
[2026-06-06 01:13:30] INFO: Fetched (200) <GET https://edb.tycg.gov.tw/News_Content.aspx?n=3749&s=1622047> (referer: https://www.google.com/)
[2026-06-06 01:13:36] INFO: Fetched (200) <GET https://edb.tycg.gov.tw/News_Content.aspx?n=3749&s=1620981> (referer: https://www.google.com/)
[2026-06-06 01:13:38] INFO: Fetched (200) <GET https://edb.tycg.gov.tw/News_Content.aspx?n=3749&s=1008838> (referer: https://www.google.com/)
[2026-06-06 01:13:41] INFO: Fetched (200) <GET https://edb.tycg.gov.tw/News_Content.aspx?n=3749&s=1618184> (referer: https://www.google.com/)
[2026-06-06 01:13:44] INFO: Fetched (200) <GET https://edb.tycg.gov.tw/News_Content.aspx?n=3749&s=1618000> (referer: https://www.google.com/)
[2026-06-06 01:13:47] INFO: Fetched (200) <GET https://edb.tycg.gov.tw/News_Content.aspx?n=3749&s=1617572> (referer: https://www.google.com/)
[2026-06-06 01:13:50] INFO: Fetched (200) <GET https://edb.tycg.gov.tw/News_Content.aspx?n=3749&s=1428777> (referer: https://www.google.com/)
[2026-06-06 01:13:53] INFO: Fetched (200) <GET https://edb.tycg.gov.tw/News_Content.aspx?n=3749&s=1426671> (referer: https://www.google.com/)
[2026-06-06 01:13:56] INFO: Fetched (200) <GET https://edb.tycg.gov.tw/News_Content.aspx?n=3749&s=1617068> (referer: https://www.google.com/)
[2026-06-06 01:13:59] INFO: Fetched (200) <GET https://edb.tycg.gov.tw/News_Content.aspx?n=3749&s=1615314> (referer: https://www.google.com/)
[2026-06-06 01:14:02] INFO: Fetched (200) <GET https://edb.tycg.gov.tw/News_Content.aspx?n=3749&s=1615561> (referer: https://www.google.com/)
[2026-06-06 01:14:05] INFO: Fetched (200) <GET https://edb.tycg.gov.tw/News_Content.aspx?n=3749&s=1615206> (referer: https://www.google.com/)
[2026-06-06 01:14:08] INFO: Fetched (200) <GET https://edb.tycg.gov.tw/News_Content.aspx?n=3749&s=1614601> (referer: https://www.google.com/)
